Downloading https://mirrors.cloud.tencent.com/gradle/gradle-9.4.1-bin.zip
.............10%.............20%.............30%.............40%.............50%.............60%..............70%.............80%.............90%.............100%

Welcome to Gradle 9.4.1!

Here are the highlights of this release:
 - Java 26 support
 - Non-class-based JVM tests
 - Enhanced console progress bar

For more details see https://docs.gradle.org/9.4.1/release-notes.html

Starting a Gradle Daemon (subsequent builds will be faster)
> Task :build-logic:checkKotlinGradlePluginConfigurationErrors SKIPPED
> Task :build-logic:pluginDescriptors
> Task :build-logic:processResources
> Task :build-logic:compileKotlin
> Task :build-logic:compileJava NO-SOURCE
> Task :build-logic:classes
> Task :build-logic:jar
> Task :core-model:compileJava
> Task :core-api:compileJava
> Task :core-api:processResources NO-SOURCE
> Task :core-api:classes
> Task :core-api:jar
> Task :core-model:processResources NO-SOURCE
> Task :core-model:classes
> Task :core-model:jar

> Task :core-security:compileJava
Note: /home/runner/work/Line/Line/core-security/src/main/java/cn/lineai/security/SimpleHttpClient.java uses or overrides a deprecated API.
Note: Recompile with -Xlint:deprecation for details.

> Task :core-security:processResources NO-SOURCE
> Task :core-security:classes
> Task :core-security:jar
> Task :app:preBuild UP-TO-DATE
> Task :app:preDebugBuild UP-TO-DATE
> Task :ipc:preBuild UP-TO-DATE
> Task :ipc:preDebugBuild UP-TO-DATE
> Task :app:generateDebugResources
> Task :app:packageDebugResources
> Task :data:preBuild UP-TO-DATE
> Task :data:preDebugBuild UP-TO-DATE
> Task :data:processDebugNavigationResources
> Task :feature-model:preBuild UP-TO-DATE
> Task :feature-model:preDebugBuild UP-TO-DATE
> Task :feature-model:processDebugNavigationResources
> Task :feature-share:preBuild UP-TO-DATE
> Task :feature-share:preDebugBuild UP-TO-DATE
> Task :feature-share:processDebugNavigationResources
> Task :feature-ssh:preBuild UP-TO-DATE
> Task :feature-ssh:preDebugBuild UP-TO-DATE
> Task :feature-ssh:processDebugNavigationResources
> Task :feature-tool:preBuild UP-TO-DATE
> Task :feature-tool:preDebugBuild UP-TO-DATE
> Task :feature-tool:processDebugNavigationResources
> Task :ipc:processDebugNavigationResources
> Task :markdown:preBuild UP-TO-DATE
> Task :markdown:preDebugBuild UP-TO-DATE
> Task :markdown:processDebugNavigationResources
> Task :tool-ui:preBuild UP-TO-DATE
> Task :tool-ui:preDebugBuild UP-TO-DATE
> Task :tool-ui:processDebugNavigationResources
> Task :ui-theme:preBuild UP-TO-DATE
> Task :ui-theme:preDebugBuild UP-TO-DATE
> Task :ui-theme:processDebugNavigationResources
> Task :app:processDebugNavigationResources
> Task :ipc:compileDebugAidl
> Task :app:compileDebugAidl NO-SOURCE
> Task :data:generateDebugResources
> Task :data:packageDebugResources
> Task :app:parseDebugLocalResources
> Task :ipc:generateDebugResources
> Task :data:parseDebugLocalResources
> Task :ipc:packageDebugResources
> Task :ipc:parseDebugLocalResources
> Task :ipc:javaPreCompileDebug
> Task :data:javaPreCompileDebug
> Task :data:generateDebugRFile
> Task :ipc:generateDebugRFile
> Task :feature-model:generateDebugResources
> Task :app:generateDebugRFile
> Task :ipc:compileDebugKotlin NO-SOURCE
> Task :ipc:compileDebugJavaWithJavac
> Task :feature-model:packageDebugResources
> Task :feature-model:javaPreCompileDebug
> Task :feature-model:parseDebugLocalResources
> Task :feature-share:generateDebugResources
> Task :ipc:bundleLibCompileToJarDebug
> Task :feature-model:generateDebugRFile
> Task :feature-share:packageDebugResources
> Task :data:compileDebugKotlin NO-SOURCE
> Task :data:compileDebugJavaWithJavac
> Task :data:bundleLibCompileToJarDebug
> Task :feature-share:javaPreCompileDebug
> Task :feature-share:parseDebugLocalResources
> Task :feature-model:compileDebugKotlin NO-SOURCE
> Task :feature-model:compileDebugJavaWithJavac
> Task :feature-model:bundleLibCompileToJarDebug
> Task :feature-ssh:generateDebugResources
> Task :feature-share:generateDebugRFile
> Task :feature-ssh:packageDebugResources
> Task :feature-share:compileDebugKotlin NO-SOURCE
> Task :feature-share:compileDebugJavaWithJavac
> Task :feature-share:bundleLibCompileToJarDebug
> Task :feature-ssh:parseDebugLocalResources
> Task :feature-ssh:javaPreCompileDebug
> Task :feature-tool:generateDebugResources
> Task :feature-ssh:generateDebugRFile
> Task :feature-tool:packageDebugResources
> Task :feature-ssh:compileDebugKotlin NO-SOURCE
> Task :feature-ssh:compileDebugJavaWithJavac
> Task :feature-ssh:bundleLibCompileToJarDebug
> Task :markdown:generateDebugResources
> Task :feature-tool:parseDebugLocalResources
> Task :markdown:packageDebugResources
> Task :ui-theme:generateDebugResources
> Task :feature-tool:generateDebugRFile
> Task :markdown:parseDebugLocalResources
> Task :markdown:generateDebugRFile
> Task :ui-theme:packageDebugResources
> Task :ui-theme:javaPreCompileDebug
> Task :markdown:javaPreCompileDebug
> Task :tool-ui:generateDebugResources
> Task :tool-ui:packageDebugResources
> Task :tool-ui:javaPreCompileDebug
> Task :feature-tool:javaPreCompileDebug
> Task :ui-theme:parseDebugLocalResources
> Task :tool-ui:parseDebugLocalResources
> Task :app:javaPreCompileDebug
> Task :ui-theme:generateDebugRFile
> Task :tool-ui:generateDebugRFile
> Task :ui-theme:compileDebugKotlin NO-SOURCE
> Task :data:writeDebugAarMetadata
> Task :ui-theme:compileDebugJavaWithJavac
> Task :ui-theme:bundleLibCompileToJarDebug
> Task :feature-model:writeDebugAarMetadata
> Task :markdown:compileDebugKotlin NO-SOURCE
> Task :markdown:compileDebugJavaWithJavac
> Task :markdown:bundleLibCompileToJarDebug
> Task :feature-share:writeDebugAarMetadata
> Task :feature-ssh:writeDebugAarMetadata
> Task :tool-ui:compileDebugKotlin NO-SOURCE
> Task :tool-ui:compileDebugJavaWithJavac
> Task :tool-ui:bundleLibCompileToJarDebug
> Task :feature-tool:writeDebugAarMetadata
> Task :ipc:writeDebugAarMetadata
> Task :feature-tool:compileDebugKotlin NO-SOURCE
> Task :feature-tool:compileDebugJavaWithJavac
> Task :markdown:writeDebugAarMetadata
> Task :feature-tool:bundleLibCompileToJarDebug
> Task :tool-ui:writeDebugAarMetadata
> Task :ui-theme:writeDebugAarMetadata
> Task :app:compileDebugKotlin NO-SOURCE

> Task :app:compileDebugJavaWithJavac
Note: Some input files use or override a deprecated API.
Note: Recompile with -Xlint:deprecation for details.

> Task :app:checkDebugAarMetadata
> Task :app:mapDebugSourceSetPaths
> Task :app:compileDebugNavigationResources
> Task :app:createDebugCompatibleScreenManifests
> Task :app:extractDeepLinksDebug
> Task :data:extractDeepLinksDebug
> Task :feature-model:extractDeepLinksDebug
> Task :feature-share:extractDeepLinksDebug
> Task :app:mergeDebugResources
> Task :data:processDebugManifest
> Task :feature-share:processDebugManifest
> Task :feature-model:processDebugManifest
> Task :feature-ssh:extractDeepLinksDebug
> Task :feature-tool:extractDeepLinksDebug
> Task :feature-ssh:processDebugManifest
> Task :feature-tool:processDebugManifest
> Task :ipc:extractDeepLinksDebug
> Task :ipc:processDebugManifest
> Task :markdown:extractDeepLinksDebug
> Task :tool-ui:extractDeepLinksDebug
> Task :markdown:processDebugManifest
> Task :ui-theme:extractDeepLinksDebug
> Task :tool-ui:processDebugManifest
> Task :ui-theme:processDebugManifest
> Task :data:mapDebugSourceSetPaths
> Task :app:processDebugMainManifest
> Task :app:processDebugManifest
> Task :app:processDebugManifestForPackage
> Task :data:compileDebugLibraryResources
> Task :feature-model:mapDebugSourceSetPaths
> Task :feature-model:compileDebugLibraryResources
> Task :feature-share:mapDebugSourceSetPaths
> Task :feature-share:compileDebugLibraryResources
> Task :feature-ssh:mapDebugSourceSetPaths
> Task :feature-ssh:compileDebugLibraryResources
> Task :feature-tool:mapDebugSourceSetPaths
> Task :feature-tool:compileDebugLibraryResources
> Task :ipc:mapDebugSourceSetPaths
> Task :ipc:compileDebugLibraryResources
> Task :markdown:mapDebugSourceSetPaths
> Task :markdown:compileDebugLibraryResources
> Task :tool-ui:mapDebugSourceSetPaths
> Task :tool-ui:compileDebugLibraryResources
> Task :ui-theme:mapDebugSourceSetPaths
> Task :app:preDebugUnitTestBuild UP-TO-DATE
> Task :app:processDebugJavaRes NO-SOURCE
> Task :app:javaPreCompileDebugUnitTest
> Task :data:processDebugJavaRes NO-SOURCE
> Task :data:bundleLibRuntimeToJarDebug
> Task :feature-model:processDebugJavaRes NO-SOURCE
> Task :feature-share:processDebugJavaRes NO-SOURCE
> Task :feature-share:bundleLibRuntimeToJarDebug
> Task :feature-model:bundleLibRuntimeToJarDebug
> Task :ui-theme:compileDebugLibraryResources
> Task :feature-ssh:bundleLibRuntimeToJarDebug
> Task :feature-ssh:processDebugJavaRes NO-SOURCE
> Task :feature-tool:processDebugJavaRes NO-SOURCE
> Task :ipc:bundleLibRuntimeToJarDebug
> Task :ipc:processDebugJavaRes NO-SOURCE
> Task :markdown:bundleLibRuntimeToJarDebug
> Task :feature-tool:bundleLibRuntimeToJarDebug
> Task :markdown:processDebugJavaRes NO-SOURCE
> Task :tool-ui:processDebugJavaRes NO-SOURCE
> Task :tool-ui:bundleLibRuntimeToJarDebug
> Task :ui-theme:processDebugJavaRes NO-SOURCE
> Task :ui-theme:bundleLibRuntimeToJarDebug
> Task :app:processDebugResources
> Task :app:bundleDebugClassesToRuntimeJar
> Task :app:bundleDebugClassesToCompileJar
> Task :app:compileDebugUnitTestKotlin NO-SOURCE
> Task :app:compileDebugUnitTestJavaWithJavac
> Task :app:processDebugUnitTestJavaRes NO-SOURCE

> Task :app:testDebugUnitTest

ToolSettingsRepositoryTest > rootTargetPromptWarnsAboutWholeFilesystemAccess FAILED
    java.lang.AssertionError at ToolSettingsRepositoryTest.java:139

ToolSettingsRepositoryTest > skillMutatingToolsResolveToWriteCategory FAILED
    java.lang.AssertionError at ToolSettingsRepositoryTest.java:145

PermissionModeControllerTest > fullAccessAliasesAreAccepted FAILED
    java.lang.AssertionError at PermissionModeControllerTest.java:47

299 tests completed, 3 failed

> Task :app:testDebugUnitTest FAILED
gradle/actions: Writing build results to /home/runner/work/_temp/.gradle-actions/build-results/__run_2-1788492374313.json

[Incubating] Problems report is available at: file:///home/runner/work/Line/Line/build/reports/problems/problems-report.html

FAILURE: Build failed with an exception.

* What went wrong:
Execution failed for task ':app:testDebugUnitTest'.
> There were failing tests. See the report at: file:///home/runner/work/Line/Line/app/build/reports/tests/testDebugUnitTest/index.html

* Try:
> Run with --scan to get full insights from a Build Scan (powered by Develocity).

BUILD FAILED in 2m 26s
159 actionable tasks: 159 executed
